../Core/Src/main.c:61:6:delay	16	static
../Core/Src/main.c:77:6:HAL_TIM_IC_CaptureCallback	16	static
../Core/Src/main.c:112:6:HCSR04_Read	8	static
../Core/Src/main.c:119:6:check_distance_and_alert	8	static
../Core/Src/main.c:132:5:main	24	static
../Core/Src/main.c:185:6:SystemClock_Config	88	static
../Core/Src/main.c:228:13:MX_TIM1_Init	32	static
../Core/Src/main.c:274:13:MX_GPIO_Init	48	static
../Core/Src/main.c:310:13:MX_I2C1_Init	8	static
../Core/Src/main.c:342:6:Error_Handler	4	static,ignoring_inline_asm
